C51 COMPILER V9.60.7.0   TASK2                                                             03/28/2024 10:31:52 PAGE 1   


C51 COMPILER V9.60.7.0, COMPILATION OF MODULE TASK2
OBJECT MODULE PLACED IN .\Objects\TASK2.obj
COMPILER INVOKED BY: C:\Keil_v5\C51\BIN\C51.EXE TASK2.c OPTIMIZE(8,SPEED) BROWSE DEBUG OBJECTEXTEND PRINT(.\Listings\TAS
                    -K2.lst) TABS(2) OBJECT(.\Objects\TASK2.obj)

line level    source

   1          #include<reg51.h>
   2          
   3          unsigned int i, j;
   4          
   5          void delay(int time){
   6   1        unsigned int k, l;
   7   1        for(k = 0; k < 125; k++)
   8   1          for(l = 0; l < time; l++);
   9   1      }
  10          
  11          void main(void){
  12   1        while(1) {
  13   2          // Loop 0 - 9
  14   2          for(i = 0; i <= 9; i++) {
  15   3            P1 = i;
  16   3            // Loop 0 - 9
  17   3            for(j = 0; j <= 9; j++) {
  18   4              P2 = j;
  19   4              delay(100);
  20   4            }
  21   3          }
  22   2        }
  23   1      }


MODULE INFORMATION:   STATIC OVERLAYABLE
   CODE SIZE        =     91    ----
   CONSTANT SIZE    =   ----    ----
   XDATA SIZE       =   ----    ----
   PDATA SIZE       =   ----    ----
   DATA SIZE        =      4    ----
   IDATA SIZE       =   ----    ----
   BIT SIZE         =   ----    ----
END OF MODULE INFORMATION.


C51 COMPILATION COMPLETE.  0 WARNING(S),  0 ERROR(S)
